
Running 134 tests using 1 worker

  Ô£ô    1 [chromium] ÔÇ║ tests\e2e\01-landing-auth.spec.ts:7:7 ÔÇ║ Landing Page ÔÇ║ shows marketing page with nav links (9.4s)
  Ô£ô    2 [chromium] ÔÇ║ tests\e2e\01-landing-auth.spec.ts:15:7 ÔÇ║ Landing Page ÔÇ║ features section is visible (4.7s)
  Ô£ô    3 [chromium] ÔÇ║ tests\e2e\01-landing-auth.spec.ts:22:7 ÔÇ║ Landing Page ÔÇ║ pricing section shows plans (1.4s)
  Ô£ô    4 [chromium] ÔÇ║ tests\e2e\01-landing-auth.spec.ts:29:7 ÔÇ║ Landing Page ÔÇ║ Sign in link navigates to login (4.8s)
  Ô£ô    5 [chromium] ÔÇ║ tests\e2e\01-landing-auth.spec.ts:35:7 ÔÇ║ Landing Page ÔÇ║ Get started link navigates to register (2.3s)
  Ô£ô    6 [chromium] ÔÇ║ tests\e2e\01-landing-auth.spec.ts:45:7 ÔÇ║ Authentication ÔÇ║ login page renders correctly (2.0s)
  Ô£ô    7 [chromium] ÔÇ║ tests\e2e\01-landing-auth.spec.ts:52:7 ÔÇ║ Authentication ÔÇ║ register page renders correctly (2.0s)
  Ô£ô    8 [chromium] ÔÇ║ tests\e2e\01-landing-auth.spec.ts:59:7 ÔÇ║ Authentication ÔÇ║ shows error on invalid credentials (4.9s)
  Ô£ô    9 [chromium] ÔÇ║ tests\e2e\01-landing-auth.spec.ts:70:7 ÔÇ║ Authentication ÔÇ║ owner can log in (3.9s)
  Ô£ô   10 [chromium] ÔÇ║ tests\e2e\01-landing-auth.spec.ts:75:7 ÔÇ║ Authentication ÔÇ║ member can log in (3.8s)
  Ô£ô   11 [chromium] ÔÇ║ tests\e2e\01-landing-auth.spec.ts:80:7 ÔÇ║ Authentication ÔÇ║ receptionist can log in (1.8s)
  Ô£ô   12 [chromium] ÔÇ║ tests\e2e\01-landing-auth.spec.ts:85:7 ÔÇ║ Authentication ÔÇ║ trainer can log in (3.8s)
  Ô£ô   13 [chromium] ÔÇ║ tests\e2e\02-owner-dashboard.spec.ts:9:7 ÔÇ║ Owner Dashboard ÔÇ║ owner dashboard loads with KPI cards (4.0s)
  Ô£ô   14 [chromium] ÔÇ║ tests\e2e\02-owner-dashboard.spec.ts:14:7 ÔÇ║ Owner Dashboard ÔÇ║ sidebar navigation is visible (2.2s)
  Ô£ô   15 [chromium] ÔÇ║ tests\e2e\02-owner-dashboard.spec.ts:18:7 ÔÇ║ Owner Dashboard ÔÇ║ can navigate to Members page (2.7s)
  Ô£ô   16 [chromium] ÔÇ║ tests\e2e\02-owner-dashboard.spec.ts:24:7 ÔÇ║ Owner Dashboard ÔÇ║ can navigate to Classes page (3.1s)
  Ô£ô   17 [chromium] ÔÇ║ tests\e2e\02-owner-dashboard.spec.ts:30:7 ÔÇ║ Owner Dashboard ÔÇ║ can navigate to Trainers page (4.1s)
  Ô£ô   18 [chromium] ÔÇ║ tests\e2e\02-owner-dashboard.spec.ts:36:7 ÔÇ║ Owner Dashboard ÔÇ║ can navigate to Memberships page (3.9s)
  Ô£ô   19 [chromium] ÔÇ║ tests\e2e\02-owner-dashboard.spec.ts:42:7 ÔÇ║ Owner Dashboard ÔÇ║ can navigate to Payments page (3.7s)
  Ô£ô   20 [chromium] ÔÇ║ tests\e2e\02-owner-dashboard.spec.ts:48:7 ÔÇ║ Owner Dashboard ÔÇ║ can navigate to Reports page (7.9s)
  Ô£ô   21 [chromium] ÔÇ║ tests\e2e\02-owner-dashboard.spec.ts:54:7 ÔÇ║ Owner Dashboard ÔÇ║ can navigate to Branches page (3.2s)
  Ô£ô   22 [chromium] ÔÇ║ tests\e2e\02-owner-dashboard.spec.ts:60:7 ÔÇ║ Owner Dashboard ÔÇ║ can navigate to Attendance page (2.9s)
  Ô£ô   23 [chromium] ÔÇ║ tests\e2e\02-owner-dashboard.spec.ts:66:7 ÔÇ║ Owner Dashboard ÔÇ║ can navigate to Notifications page (3.7s)
  Ô£ô   24 [chromium] ÔÇ║ tests\e2e\02-owner-dashboard.spec.ts:72:7 ÔÇ║ Owner Dashboard ÔÇ║ can navigate to Settings page (3.0s)
  Ô£ô   25 [chromium] ÔÇ║ tests\e2e\02-owner-dashboard.spec.ts:78:7 ÔÇ║ Owner Dashboard ÔÇ║ can navigate to Workouts page (4.8s)
  Ô£ô   26 [chromium] ÔÇ║ tests\e2e\03-member-flow.spec.ts:9:7 ÔÇ║ Member Dashboard ÔÇ║ member dashboard loads (2.2s)
  Ô£ô   27 [chromium] ÔÇ║ tests\e2e\03-member-flow.spec.ts:14:7 ÔÇ║ Member Dashboard ÔÇ║ my membership page loads (2.8s)
  Ô£ô   28 [chromium] ÔÇ║ tests\e2e\03-member-flow.spec.ts:20:7 ÔÇ║ Member Dashboard ÔÇ║ bookings page loads (3.4s)
  Ô£ô   29 [chromium] ÔÇ║ tests\e2e\03-member-flow.spec.ts:26:7 ÔÇ║ Member Dashboard ÔÇ║ classes page loads (3.0s)
  Ô£ô   30 [chromium] ÔÇ║ tests\e2e\03-member-flow.spec.ts:32:7 ÔÇ║ Member Dashboard ÔÇ║ workouts page loads and has category filter (2.9s)
  Ô£ô   31 [chromium] ÔÇ║ tests\e2e\03-member-flow.spec.ts:41:7 ÔÇ║ Member Dashboard ÔÇ║ notifications page loads (3.6s)
  Ô£ô   32 [chromium] ÔÇ║ tests\e2e\03-member-flow.spec.ts:47:7 ÔÇ║ Member Dashboard ÔÇ║ settings page loads with tabs (2.8s)
  Ô£ô   33 [chromium] ÔÇ║ tests\e2e\03-member-flow.spec.ts:62:7 ÔÇ║ Member Bookings Flow ÔÇ║ bookings page shows upcoming classes section (4.4s)
  Ô£ô   34 [chromium] ÔÇ║ tests\e2e\03-member-flow.spec.ts:68:7 ÔÇ║ Member Bookings Flow ÔÇ║ classes page shows schedule (4.1s)
  Ô£ô   35 [chromium] ÔÇ║ tests\e2e\04-staff-dashboards.spec.ts:9:7 ÔÇ║ Receptionist Dashboard ÔÇ║ reception dashboard loads (2.3s)
  Ô£ô   36 [chromium] ÔÇ║ tests\e2e\04-staff-dashboards.spec.ts:14:7 ÔÇ║ Receptionist Dashboard ÔÇ║ attendance page loads (2.0s)
  Ô£ô   37 [chromium] ÔÇ║ tests\e2e\04-staff-dashboards.spec.ts:20:7 ÔÇ║ Receptionist Dashboard ÔÇ║ members list page loads (2.1s)
  Ô£ô   38 [chromium] ÔÇ║ tests\e2e\04-staff-dashboards.spec.ts:26:7 ÔÇ║ Receptionist Dashboard ÔÇ║ memberships page loads (3.0s)
  Ô£ô   39 [chromium] ÔÇ║ tests\e2e\04-staff-dashboards.spec.ts:37:7 ÔÇ║ Trainer Dashboard ÔÇ║ trainer dashboard loads (2.3s)
  Ô£ô   40 [chromium] ÔÇ║ tests\e2e\04-staff-dashboards.spec.ts:42:7 ÔÇ║ Trainer Dashboard ÔÇ║ classes page loads for trainer (2.3s)
  Ô£ô   41 [chromium] ÔÇ║ tests\e2e\04-staff-dashboards.spec.ts:48:7 ÔÇ║ Trainer Dashboard ÔÇ║ members page loads for trainer (2.6s)
  Ô£ô   42 [chromium] ÔÇ║ tests\e2e\04-staff-dashboards.spec.ts:54:7 ÔÇ║ Trainer Dashboard ÔÇ║ workouts page loads for trainer (2.5s)
  Ô£ô   43 [chromium] ÔÇ║ tests\e2e\05-pages-features.spec.ts:10:7 ÔÇ║ Settings Tabs ÔÇ║ Profile tab is active by default (3.0s)
  Ô£ô   44 [chromium] ÔÇ║ tests\e2e\05-pages-features.spec.ts:17:7 ÔÇ║ Settings Tabs ÔÇ║ can switch to different tabs (3.2s)
  Ô£ô   45 [chromium] ÔÇ║ tests\e2e\05-pages-features.spec.ts:35:7 ÔÇ║ Members Page ÔÇ║ members list renders (3.6s)
  Ô£ô   46 [chromium] ÔÇ║ tests\e2e\05-pages-features.spec.ts:39:7 ÔÇ║ Members Page ÔÇ║ search/filter inputs are present (3.1s)
  Ô£ô   47 [chromium] ÔÇ║ tests\e2e\05-pages-features.spec.ts:53:7 ÔÇ║ Reports Page ÔÇ║ reports page loads with headings (3.2s)
  Ô£ô   48 [chromium] ÔÇ║ tests\e2e\05-pages-features.spec.ts:57:7 ÔÇ║ Reports Page ÔÇ║ KPI cards or charts section is present (3.1s)
  Ô£ô   49 [chromium] ÔÇ║ tests\e2e\05-pages-features.spec.ts:71:7 ÔÇ║ Branches Page ÔÇ║ branches page loads (3.3s)
  Ô£ô   50 [chromium] ÔÇ║ tests\e2e\05-pages-features.spec.ts:82:7 ÔÇ║ Trainers Page ÔÇ║ trainers page loads (3.1s)
  Ô£ô   51 [chromium] ÔÇ║ tests\e2e\05-pages-features.spec.ts:93:7 ÔÇ║ Payments Page ÔÇ║ payments page loads (6.0s)
  Ô£ô   52 [chromium] ÔÇ║ tests\e2e\06-no-404.spec.ts:34:9 ÔÇ║ 404 Checks ÔÇö Public Routes ÔÇ║ no 404 on / (2.6s)
  Ô£ô   53 [chromium] ÔÇ║ tests\e2e\06-no-404.spec.ts:34:9 ÔÇ║ 404 Checks ÔÇö Public Routes ÔÇ║ no 404 on /auth/login (1.4s)
  Ô£ô   54 [chromium] ÔÇ║ tests\e2e\06-no-404.spec.ts:34:9 ÔÇ║ 404 Checks ÔÇö Public Routes ÔÇ║ no 404 on /auth/register (2.1s)
  Ô£ô   55 [chromium] ÔÇ║ tests\e2e\06-no-404.spec.ts:64:9 ÔÇ║ 404 Checks ÔÇö Dashboard Routes (authenticated as owner) ÔÇ║ no 404 on /dashboard/owner (3.7s)
  Ô£ô   56 [chromium] ÔÇ║ tests\e2e\06-no-404.spec.ts:64:9 ÔÇ║ 404 Checks ÔÇö Dashboard Routes (authenticated as owner) ÔÇ║ no 404 on /dashboard/member (2.5s)
  Ô£ô   57 [chromium] ÔÇ║ tests\e2e\06-no-404.spec.ts:64:9 ÔÇ║ 404 Checks ÔÇö Dashboard Routes (authenticated as owner) ÔÇ║ no 404 on /dashboard/reception (4.1s)
  Ô£ô   58 [chromium] ÔÇ║ tests\e2e\06-no-404.spec.ts:64:9 ÔÇ║ 404 Checks ÔÇö Dashboard Routes (authenticated as owner) ÔÇ║ no 404 on /dashboard/trainer (2.9s)
  Ô£ô   59 [chromium] ÔÇ║ tests\e2e\06-no-404.spec.ts:64:9 ÔÇ║ 404 Checks ÔÇö Dashboard Routes (authenticated as owner) ÔÇ║ no 404 on /dashboard/members (2.9s)
  Ô£ô   60 [chromium] ÔÇ║ tests\e2e\06-no-404.spec.ts:64:9 ÔÇ║ 404 Checks ÔÇö Dashboard Routes (authenticated as owner) ÔÇ║ no 404 on /dashboard/classes (3.0s)
  Ô£ô   61 [chromium] ÔÇ║ tests\e2e\06-no-404.spec.ts:64:9 ÔÇ║ 404 Checks ÔÇö Dashboard Routes (authenticated as owner) ÔÇ║ no 404 on /dashboard/trainers (2.6s)
  Ô£ô   62 [chromium] ÔÇ║ tests\e2e\06-no-404.spec.ts:64:9 ÔÇ║ 404 Checks ÔÇö Dashboard Routes (authenticated as owner) ÔÇ║ no 404 on /dashboard/memberships (2.8s)
  Ô£ô   63 [chromium] ÔÇ║ tests\e2e\06-no-404.spec.ts:64:9 ÔÇ║ 404 Checks ÔÇö Dashboard Routes (authenticated as owner) ÔÇ║ no 404 on /dashboard/payments (3.1s)
  Ô£ô   64 [chromium] ÔÇ║ tests\e2e\06-no-404.spec.ts:64:9 ÔÇ║ 404 Checks ÔÇö Dashboard Routes (authenticated as owner) ÔÇ║ no 404 on /dashboard/reports (2.7s)
  Ô£ô   65 [chromium] ÔÇ║ tests\e2e\06-no-404.spec.ts:64:9 ÔÇ║ 404 Checks ÔÇö Dashboard Routes (authenticated as owner) ÔÇ║ no 404 on /dashboard/branches (2.2s)
  Ô£ô   66 [chromium] ÔÇ║ tests\e2e\06-no-404.spec.ts:64:9 ÔÇ║ 404 Checks ÔÇö Dashboard Routes (authenticated as owner) ÔÇ║ no 404 on /dashboard/attendance (2.3s)
  Ô£ô   67 [chromium] ÔÇ║ tests\e2e\06-no-404.spec.ts:64:9 ÔÇ║ 404 Checks ÔÇö Dashboard Routes (authenticated as owner) ÔÇ║ no 404 on /dashboard/notifications (5.8s)
  Ô£ô   68 [chromium] ÔÇ║ tests\e2e\06-no-404.spec.ts:64:9 ÔÇ║ 404 Checks ÔÇö Dashboard Routes (authenticated as owner) ÔÇ║ no 404 on /dashboard/settings (3.0s)
  Ô£ô   69 [chromium] ÔÇ║ tests\e2e\06-no-404.spec.ts:64:9 ÔÇ║ 404 Checks ÔÇö Dashboard Routes (authenticated as owner) ÔÇ║ no 404 on /dashboard/workouts (3.0s)
  Ô£ô   70 [chromium] ÔÇ║ tests\e2e\06-no-404.spec.ts:64:9 ÔÇ║ 404 Checks ÔÇö Dashboard Routes (authenticated as owner) ÔÇ║ no 404 on /dashboard/bookings (3.6s)
  Ô£ô   71 [chromium] ÔÇ║ tests\e2e\06-no-404.spec.ts:64:9 ÔÇ║ 404 Checks ÔÇö Dashboard Routes (authenticated as owner) ÔÇ║ no 404 on /dashboard/my-membership (7.6s)
  Ô£ô   72 [chromium] ÔÇ║ tests\e2e\06-no-404.spec.ts:87:7 ÔÇ║ 404 Checks ÔÇö Unknown Routes ÔÇ║ unknown public route returns 404 page (2.6s)
  Ô£ô   73 [chromium] ÔÇ║ tests\e2e\07-all-users-click-all.spec.ts:190:11 ÔÇ║ [GYM_OWNER] ÔÇö visit all pages & click all buttons ÔÇ║ no 404 on /dashboard/owner (3.2s)
  Ô£ô   74 [chromium] ÔÇ║ tests\e2e\07-all-users-click-all.spec.ts:190:11 ÔÇ║ [GYM_OWNER] ÔÇö visit all pages & click all buttons ÔÇ║ no 404 on /dashboard/members (2.8s)
  Ô£ô   75 [chromium] ÔÇ║ tests\e2e\07-all-users-click-all.spec.ts:190:11 ÔÇ║ [GYM_OWNER] ÔÇö visit all pages & click all buttons ÔÇ║ no 404 on /dashboard/attendance (2.7s)
  Ô£ô   76 [chromium] ÔÇ║ tests\e2e\07-all-users-click-all.spec.ts:190:11 ÔÇ║ [GYM_OWNER] ÔÇö visit all pages & click all buttons ÔÇ║ no 404 on /dashboard/classes (4.4s)
  Ô£ô   77 [chromium] ÔÇ║ tests\e2e\07-all-users-click-all.spec.ts:190:11 ÔÇ║ [GYM_OWNER] ÔÇö visit all pages & click all buttons ÔÇ║ no 404 on /dashboard/trainers (3.0s)
  Ô£ô   78 [chromium] ÔÇ║ tests\e2e\07-all-users-click-all.spec.ts:190:11 ÔÇ║ [GYM_OWNER] ÔÇö visit all pages & click all buttons ÔÇ║ no 404 on /dashboard/memberships (3.2s)
  Ô£ô   79 [chromium] ÔÇ║ tests\e2e\07-all-users-click-all.spec.ts:190:11 ÔÇ║ [GYM_OWNER] ÔÇö visit all pages & click all buttons ÔÇ║ no 404 on /dashboard/payments (2.3s)
  Ô£ô   80 [chromium] ÔÇ║ tests\e2e\07-all-users-click-all.spec.ts:190:11 ÔÇ║ [GYM_OWNER] ÔÇö visit all pages & click all buttons ÔÇ║ no 404 on /dashboard/reports (2.9s)
  Ô£ô   81 [chromium] ÔÇ║ tests\e2e\07-all-users-click-all.spec.ts:190:11 ÔÇ║ [GYM_OWNER] ÔÇö visit all pages & click all buttons ÔÇ║ no 404 on /dashboard/branches (3.3s)
  Ô£ô   82 [chromium] ÔÇ║ tests\e2e\07-all-users-click-all.spec.ts:190:11 ÔÇ║ [GYM_OWNER] ÔÇö visit all pages & click all buttons ÔÇ║ no 404 on /dashboard/workouts (2.3s)
  Ô£ô   83 [chromium] ÔÇ║ tests\e2e\07-all-users-click-all.spec.ts:190:11 ÔÇ║ [GYM_OWNER] ÔÇö visit all pages & click all buttons ÔÇ║ no 404 on /dashboard/notifications (2.6s)
  Ô£ô   84 [chromium] ÔÇ║ tests\e2e\07-all-users-click-all.spec.ts:190:11 ÔÇ║ [GYM_OWNER] ÔÇö visit all pages & click all buttons ÔÇ║ no 404 on /dashboard/settings (2.5s)
  Ô£ô   85 [chromium] ÔÇ║ tests\e2e\07-all-users-click-all.spec.ts:197:11 ÔÇ║ [GYM_OWNER] ÔÇö visit all pages & click all buttons ÔÇ║ interact & no 404 on /dashboard/owner (4.3s)
  Ô£ô   86 [chromium] ÔÇ║ tests\e2e\07-all-users-click-all.spec.ts:197:11 ÔÇ║ [GYM_OWNER] ÔÇö visit all pages & click all buttons ÔÇ║ interact & no 404 on /dashboard/members (2.6s)
  Ô£ô   87 [chromium] ÔÇ║ tests\e2e\07-all-users-click-all.spec.ts:197:11 ÔÇ║ [GYM_OWNER] ÔÇö visit all pages & click all buttons ÔÇ║ interact & no 404 on /dashboard/attendance (5.7s)
  Ô£ô   88 [chromium] ÔÇ║ tests\e2e\07-all-users-click-all.spec.ts:197:11 ÔÇ║ [GYM_OWNER] ÔÇö visit all pages & click all buttons ÔÇ║ interact & no 404 on /dashboard/classes (3.3s)
  Ô£ô   89 [chromium] ÔÇ║ tests\e2e\07-all-users-click-all.spec.ts:197:11 ÔÇ║ [GYM_OWNER] ÔÇö visit all pages & click all buttons ÔÇ║ interact & no 404 on /dashboard/trainers (2.4s)
  Ô£ô   90 [chromium] ÔÇ║ tests\e2e\07-all-users-click-all.spec.ts:197:11 ÔÇ║ [GYM_OWNER] ÔÇö visit all pages & click all buttons ÔÇ║ interact & no 404 on /dashboard/memberships (3.1s)
  Ô£ô   91 [chromium] ÔÇ║ tests\e2e\07-all-users-click-all.spec.ts:197:11 ÔÇ║ [GYM_OWNER] ÔÇö visit all pages & click all buttons ÔÇ║ interact & no 404 on /dashboard/payments (2.3s)
  Ô£ô   92 [chromium] ÔÇ║ tests\e2e\07-all-users-click-all.spec.ts:197:11 ÔÇ║ [GYM_OWNER] ÔÇö visit all pages & click all buttons ÔÇ║ interact & no 404 on /dashboard/reports (4.0s)
  Ô£ô   93 [chromium] ÔÇ║ tests\e2e\07-all-users-click-all.spec.ts:197:11 ÔÇ║ [GYM_OWNER] ÔÇö visit all pages & click all buttons ÔÇ║ interact & no 404 on /dashboard/branches (3.4s)
  Ô£ô   94 [chromium] ÔÇ║ tests\e2e\07-all-users-click-all.spec.ts:197:11 ÔÇ║ [GYM_OWNER] ÔÇö visit all pages & click all buttons ÔÇ║ interact & no 404 on /dashboard/workouts (5.0s)
  Ô£ô   95 [chromium] ÔÇ║ tests\e2e\07-all-users-click-all.spec.ts:197:11 ÔÇ║ [GYM_OWNER] ÔÇö visit all pages & click all buttons ÔÇ║ interact & no 404 on /dashboard/notifications (3.7s)
  Ô£ô   96 [chromium] ÔÇ║ tests\e2e\07-all-users-click-all.spec.ts:197:11 ÔÇ║ [GYM_OWNER] ÔÇö visit all pages & click all buttons ÔÇ║ interact & no 404 on /dashboard/settings (4.1s)
  Ô£ô   97 [chromium] ÔÇ║ tests\e2e\07-all-users-click-all.spec.ts:235:9 ÔÇ║ [GYM_OWNER] ÔÇö visit all pages & click all buttons ÔÇ║ sign out works without 404 (3.0s)
  Ô£ô   98 [chromium] ÔÇ║ tests\e2e\07-all-users-click-all.spec.ts:190:11 ÔÇ║ [RECEPTIONIST] ÔÇö visit all pages & click all buttons ÔÇ║ no 404 on /dashboard/reception (2.1s)
  Ô£ô   99 [chromium] ÔÇ║ tests\e2e\07-all-users-click-all.spec.ts:190:11 ÔÇ║ [RECEPTIONIST] ÔÇö visit all pages & click all buttons ÔÇ║ no 404 on /dashboard/members (2.4s)
  Ô£ô  100 [chromium] ÔÇ║ tests\e2e\07-all-users-click-all.spec.ts:190:11 ÔÇ║ [RECEPTIONIST] ÔÇö visit all pages & click all buttons ÔÇ║ no 404 on /dashboard/attendance (2.0s)
  Ô£ô  101 [chromium] ÔÇ║ tests\e2e\07-all-users-click-all.spec.ts:190:11 ÔÇ║ [RECEPTIONIST] ÔÇö visit all pages & click all buttons ÔÇ║ no 404 on /dashboard/classes (2.2s)
  Ô£ô  102 [chromium] ÔÇ║ tests\e2e\07-all-users-click-all.spec.ts:190:11 ÔÇ║ [RECEPTIONIST] ÔÇö visit all pages & click all buttons ÔÇ║ no 404 on /dashboard/memberships (2.2s)
  Ô£ô  103 [chromium] ÔÇ║ tests\e2e\07-all-users-click-all.spec.ts:190:11 ÔÇ║ [RECEPTIONIST] ÔÇö visit all pages & click all buttons ÔÇ║ no 404 on /dashboard/notifications (2.4s)
  Ô£ô  104 [chromium] ÔÇ║ tests\e2e\07-all-users-click-all.spec.ts:197:11 ÔÇ║ [RECEPTIONIST] ÔÇö visit all pages & click all buttons ÔÇ║ interact & no 404 on /dashboard/reception (3.2s)
  Ô£ô  105 [chromium] ÔÇ║ tests\e2e\07-all-users-click-all.spec.ts:197:11 ÔÇ║ [RECEPTIONIST] ÔÇö visit all pages & click all buttons ÔÇ║ interact & no 404 on /dashboard/members (2.9s)
  Ô£ô  106 [chromium] ÔÇ║ tests\e2e\07-all-users-click-all.spec.ts:197:11 ÔÇ║ [RECEPTIONIST] ÔÇö visit all pages & click all buttons ÔÇ║ interact & no 404 on /dashboard/attendance (7.5s)
  Ô£ô  107 [chromium] ÔÇ║ tests\e2e\07-all-users-click-all.spec.ts:197:11 ÔÇ║ [RECEPTIONIST] ÔÇö visit all pages & click all buttons ÔÇ║ interact & no 404 on /dashboard/classes (2.5s)
  Ô£ô  108 [chromium] ÔÇ║ tests\e2e\07-all-users-click-all.spec.ts:197:11 ÔÇ║ [RECEPTIONIST] ÔÇö visit all pages & click all buttons ÔÇ║ interact & no 404 on /dashboard/memberships (2.4s)
  Ô£ô  109 [chromium] ÔÇ║ tests\e2e\07-all-users-click-all.spec.ts:197:11 ÔÇ║ [RECEPTIONIST] ÔÇö visit all pages & click all buttons ÔÇ║ interact & no 404 on /dashboard/notifications (3.3s)
  Ô£ô  110 [chromium] ÔÇ║ tests\e2e\07-all-users-click-all.spec.ts:235:9 ÔÇ║ [RECEPTIONIST] ÔÇö visit all pages & click all buttons ÔÇ║ sign out works without 404 (2.5s)
  Ô£ô  111 [chromium] ÔÇ║ tests\e2e\07-all-users-click-all.spec.ts:190:11 ÔÇ║ [TRAINER] ÔÇö visit all pages & click all buttons ÔÇ║ no 404 on /dashboard/trainer (5.4s)
  Ô£ô  112 [chromium] ÔÇ║ tests\e2e\07-all-users-click-all.spec.ts:190:11 ÔÇ║ [TRAINER] ÔÇö visit all pages & click all buttons ÔÇ║ no 404 on /dashboard/classes (3.2s)
  Ô£ô  113 [chromium] ÔÇ║ tests\e2e\07-all-users-click-all.spec.ts:190:11 ÔÇ║ [TRAINER] ÔÇö visit all pages & click all buttons ÔÇ║ no 404 on /dashboard/members (2.5s)
  Ô£ô  114 [chromium] ÔÇ║ tests\e2e\07-all-users-click-all.spec.ts:190:11 ÔÇ║ [TRAINER] ÔÇö visit all pages & click all buttons ÔÇ║ no 404 on /dashboard/workouts (4.1s)
  Ô£ô  115 [chromium] ÔÇ║ tests\e2e\07-all-users-click-all.spec.ts:190:11 ÔÇ║ [TRAINER] ÔÇö visit all pages & click all buttons ÔÇ║ no 404 on /dashboard/notifications (2.4s)
  Ô£ô  116 [chromium] ÔÇ║ tests\e2e\07-all-users-click-all.spec.ts:197:11 ÔÇ║ [TRAINER] ÔÇö visit all pages & click all buttons ÔÇ║ interact & no 404 on /dashboard/trainer (2.2s)
  Ô£ô  117 [chromium] ÔÇ║ tests\e2e\07-all-users-click-all.spec.ts:197:11 ÔÇ║ [TRAINER] ÔÇö visit all pages & click all buttons ÔÇ║ interact & no 404 on /dashboard/classes (2.5s)
  Ô£ô  118 [chromium] ÔÇ║ tests\e2e\07-all-users-click-all.spec.ts:197:11 ÔÇ║ [TRAINER] ÔÇö visit all pages & click all buttons ÔÇ║ interact & no 404 on /dashboard/members (2.5s)
  Ô£ô  119 [chromium] ÔÇ║ tests\e2e\07-all-users-click-all.spec.ts:197:11 ÔÇ║ [TRAINER] ÔÇö visit all pages & click all buttons ÔÇ║ interact & no 404 on /dashboard/workouts (2.9s)
  Ô£ô  120 [chromium] ÔÇ║ tests\e2e\07-all-users-click-all.spec.ts:197:11 ÔÇ║ [TRAINER] ÔÇö visit all pages & click all buttons ÔÇ║ interact & no 404 on /dashboard/notifications (3.2s)
  Ô£ô  121 [chromium] ÔÇ║ tests\e2e\07-all-users-click-all.spec.ts:235:9 ÔÇ║ [TRAINER] ÔÇö visit all pages & click all buttons ÔÇ║ sign out works without 404 (3.2s)
  Ô£ô  122 [chromium] ÔÇ║ tests\e2e\07-all-users-click-all.spec.ts:190:11 ÔÇ║ [MEMBER] ÔÇö visit all pages & click all buttons ÔÇ║ no 404 on /dashboard/member (3.6s)
  Ô£ô  123 [chromium] ÔÇ║ tests\e2e\07-all-users-click-all.spec.ts:190:11 ÔÇ║ [MEMBER] ÔÇö visit all pages & click all buttons ÔÇ║ no 404 on /dashboard/classes (2.3s)
  Ô£ô  124 [chromium] ÔÇ║ tests\e2e\07-all-users-click-all.spec.ts:190:11 ÔÇ║ [MEMBER] ÔÇö visit all pages & click all buttons ÔÇ║ no 404 on /dashboard/bookings (3.3s)
  Ô£ô  125 [chromium] ÔÇ║ tests\e2e\07-all-users-click-all.spec.ts:190:11 ÔÇ║ [MEMBER] ÔÇö visit all pages & click all buttons ÔÇ║ no 404 on /dashboard/my-membership (3.4s)
  Ô£ô  126 [chromium] ÔÇ║ tests\e2e\07-all-users-click-all.spec.ts:190:11 ÔÇ║ [MEMBER] ÔÇö visit all pages & click all buttons ÔÇ║ no 404 on /dashboard/workouts (3.0s)
  Ô£ô  127 [chromium] ÔÇ║ tests\e2e\07-all-users-click-all.spec.ts:190:11 ÔÇ║ [MEMBER] ÔÇö visit all pages & click all buttons ÔÇ║ no 404 on /dashboard/notifications (2.7s)
  Ô£ô  128 [chromium] ÔÇ║ tests\e2e\07-all-users-click-all.spec.ts:197:11 ÔÇ║ [MEMBER] ÔÇö visit all pages & click all buttons ÔÇ║ interact & no 404 on /dashboard/member (2.9s)
  Ô£ô  129 [chromium] ÔÇ║ tests\e2e\07-all-users-click-all.spec.ts:197:11 ÔÇ║ [MEMBER] ÔÇö visit all pages & click all buttons ÔÇ║ interact & no 404 on /dashboard/classes (2.5s)
  Ô£ô  130 [chromium] ÔÇ║ tests\e2e\07-all-users-click-all.spec.ts:197:11 ÔÇ║ [MEMBER] ÔÇö visit all pages & click all buttons ÔÇ║ interact & no 404 on /dashboard/bookings (2.4s)
  Ô£ô  131 [chromium] ÔÇ║ tests\e2e\07-all-users-click-all.spec.ts:197:11 ÔÇ║ [MEMBER] ÔÇö visit all pages & click all buttons ÔÇ║ interact & no 404 on /dashboard/my-membership (3.4s)
  Ô£ô  132 [chromium] ÔÇ║ tests\e2e\07-all-users-click-all.spec.ts:197:11 ÔÇ║ [MEMBER] ÔÇö visit all pages & click all buttons ÔÇ║ interact & no 404 on /dashboard/workouts (2.7s)
  Ô£ô  133 [chromium] ÔÇ║ tests\e2e\07-all-users-click-all.spec.ts:197:11 ÔÇ║ [MEMBER] ÔÇö visit all pages & click all buttons ÔÇ║ interact & no 404 on /dashboard/notifications (2.5s)
  Ô£ô  134 [chromium] ÔÇ║ tests\e2e\07-all-users-click-all.spec.ts:235:9 ÔÇ║ [MEMBER] ÔÇö visit all pages & click all buttons ÔÇ║ sign out works without 404 (2.6s)

  134 passed (7.4m)
